Project
  {prjAllowNewer = [],
   prjConstraints = [],
   prjMaxBackjumps = Nothing,
   prjOptPackages = [],
   prjOptimization = OptimizationOn,
   prjPackages = [".", "cabal-parsers"],
   prjReorderGoals = False,
   prjSourceRepos = [],
   prjUriPackages = []}
